62
PAINT_LINE 9 4 9 21
PAINT_LINE 1 4 1 12
PAINT_LINE 9 51 9 19
PAINT_LINE 4 52 4 13
PAINT_LINE 5 10 5 14
PAINT_LINE 9 22 9 18
PAINT_LINE 9 37 9 18
PAINT_LINE 12 51 12 20
PAINT_LINE 9 70 9 17
PAINT_LINE 1 64 64 72
PAINT_LINE 1 65 65 73
PAINT_LINE 1 66 66 74
PAINT_LINE 4 24 4 10
PAINT_LINE 4 38 4 10
PAINT_LINE 7 68 7 13
PAINT_LINE 2 2 2 8
PAINT_LINE 4 71 4 9
PAINT_LINE 6 74 6 11
PAINT_LINE 0 8 0 4
PAINT_LINE 5 57 5 9
PAINT_LINE 3 1 1 5
PAINT_LINE 11 58 11 14
PAINT_LINE 5 22 5 8
PAINT_LINE 5 29 5 8
PAINT_LINE 5 36 5 8
PAINT_LINE 5 43 5 8
PAINT_LINE 5 51 5 8
PAINT_LINE 5 69 5 8
PAINT_LINE 5 75 5 8
PAINT_LINE 6 16 6 9
PAINT_LINE 6 30 6 9
PAINT_LINE 6 35 6 9
PAINT_LINE 8 14 8 11
PAINT_LINE 8 21 8 11
PAINT_LINE 8 44 8 11
PAINT_LINE 8 68 8 11
PAINT_LINE 10 59 10 12
PAINT_LINE 11 50 11 13
PAINT_LINE 13 54 13 15
PAINT_LINE 2 3 2 4
PAINT_LINE 6 21 6 8
PAINT_LINE 6 45 6 8
PAINT_LINE 6 50 6 8
PAINT_LINE 6 59 6 8
PAINT_LINE 6 68 6 8
PAINT_LINE 7 16 7 9
PAINT_LINE 7 21 7 9
PAINT_LINE 7 31 7 9
PAINT_LINE 7 35 7 9
PAINT_LINE 7 45 7 9
PAINT_LINE 7 59 7 9
PAINT_LINE 8 3 8 10
PAINT_LINE 8 30 8 10
PAINT_LINE 8 36 8 10
PAINT_LINE 8 50 8 10
PAINT_LINE 8 59 8 10
PAINT_LINE 4 0 0 2
PAINT_LINE 2 14 2 3
PAINT_LINE 7 50 7 8
PAINT_LINE 3 3 3 4
PAINT_SQUARE 7 3 0
PAINT_SQUARE 8 77 0
